// Jest Snapshot v1, https://goo.gl/fbAQLP

exports[`renders the UI as expected 1`] = `
<div
  className="Card"
>
  <h3>
    Test Title
  </h3>
  <p>
    Test Content
  </p>
</div>
`;
